// Vitest Snapshot v1, https://vitest.dev/guide/snapshot.html

exports[`LogoBrand Component > matches the snapshot 1`] = `
.emotion-0 {
  display: -webkit-box;
  display: -webkit-flex;
  display: -ms-flexbox;
  display: flex;
  -webkit-flex-direction: column;
  -ms-flex-direction: column;
  flex-direction: column;
  width: 100%;
  max-width: 160px;
  height: -webkit-fit-content;
  height: -moz-fit-content;
  height: fit-content;
  max-height: 50px;
  -webkit-align-self: flex-start;
  -ms-flex-item-align: flex-start;
  align-self: flex-start;
}

<div
  class="MuiStack-root emotion-0"
>
  <img
    alt="logo"
    src="https://example.com/logo.png"
    style="width: 100%; height: 100%; object-fit: cover;"
  />
</div>
`;
