// Vitest Snapshot v1, https://vitest.dev/guide/snapshot.html

exports[`HomePage/components/VmsCardsList > should match snapshot 1`] = `
.emotion-0 {
  display: -webkit-box;
  display: -webkit-flex;
  display: -ms-flexbox;
  display: flex;
  -webkit-flex-direction: column;
  -ms-flex-direction: column;
  flex-direction: column;
  height: 224px;
  min-height: 224px;
  width: 100%;
  background: linear-gradient(360deg, #647AF4 53%, #3D04AA 100%);
  border-bottom-left-radius: 24px;
  border-bottom-right-radius: 24px;
  margin-bottom: -75px;
}

<div>
  <div
    class="MuiStack-root emotion-0"
  />
</div>
`;
