// Vitest Snapshot v1, https://vitest.dev/guide/snapshot.html

exports[`HomePage/components/VmsCardsList > should match snapshot 1`] = `
@keyframes animation-0 {
  0% {
    -webkit-transform: translateX(-100%);
    -moz-transform: translateX(-100%);
    -ms-transform: translateX(-100%);
    transform: translateX(-100%);
  }

  50% {
    -webkit-transform: translateX(100%);
    -moz-transform: translateX(100%);
    -ms-transform: translateX(100%);
    transform: translateX(100%);
  }

  100% {
    -webkit-transform: translateX(100%);
    -moz-transform: translateX(100%);
    -ms-transform: translateX(100%);
    transform: translateX(100%);
  }
}

@keyframes animation-1 {
  0% {
    opacity: 1;
  }

  50% {
    opacity: 0.4;
  }

  100% {
    opacity: 1;
  }
}

.emotion-0 {
  display: -webkit-box;
  display: -webkit-flex;
  display: -ms-flexbox;
  display: flex;
  -webkit-flex-direction: column;
  -ms-flex-direction: column;
  flex-direction: column;
  background-color: #FFFFFF;
  height: 100vh;
  width: 100vw;
  overflow: hidden;
  gap: 12px;
}

.emotion-1 {
  display: -webkit-box;
  display: -webkit-flex;
  display: -ms-flexbox;
  display: flex;
  -webkit-flex-direction: column;
  -ms-flex-direction: column;
  flex-direction: column;
  width: 100%;
  height: 88px;
}

.emotion-2 {
  display: block;
  background-color: rgba(0, 0, 0, 0.11);
  height: 1.2em;
  position: relative;
  overflow: hidden;
  -webkit-mask-image: -webkit-radial-gradient(white, black);
}

.emotion-2::after {
  background: linear-gradient(
                  90deg,
                  transparent,
                  rgba(0, 0, 0, 0.04),
                  transparent
                );
  content: "";
  position: absolute;
  -webkit-transform: translateX(-100%);
  -moz-transform: translateX(-100%);
  -ms-transform: translateX(-100%);
  transform: translateX(-100%);
  bottom: 0;
  left: 0;
  right: 0;
  top: 0;
}

.emotion-2::after {
  -webkit-animation: animation-0 2s linear 0.5s infinite;
  animation: animation-0 2s linear 0.5s infinite;
}

.emotion-3 {
  display: -webkit-box;
  display: -webkit-flex;
  display: -ms-flexbox;
  display: flex;
  -webkit-flex-direction: column;
  -ms-flex-direction: column;
  flex-direction: column;
  width: 100%;
  height: 100%;
}

.emotion-4 {
  display: block;
  background-color: rgba(0, 0, 0, 0.11);
  height: 1.2em;
  -webkit-animation: animation-1 2s ease-in-out 0.5s infinite;
  animation: animation-1 2s ease-in-out 0.5s infinite;
}

<div>
  <div
    class="MuiStack-root skeleton h-screen w-screen emotion-0"
  >
    <div
      class="MuiStack-root emotion-1"
    >
      <span
        class="MuiSkeleton-root MuiSkeleton-rectangular MuiSkeleton-wave emotion-2"
        style="width: 100%; height: 100%;"
      />
    </div>
    <div
      class="MuiStack-root emotion-3"
    >
      <span
        class="MuiSkeleton-root MuiSkeleton-rectangular MuiSkeleton-pulse emotion-4"
        style="width: 100%; height: 100%;"
      />
    </div>
  </div>
</div>
`;
